../Core/Src/stm32f4xx_it.c:77:6:NMI_Handler	4	static
../Core/Src/stm32f4xx_it.c:92:6:HardFault_Handler	4	static
../Core/Src/stm32f4xx_it.c:107:6:MemManage_Handler	4	static
../Core/Src/stm32f4xx_it.c:122:6:BusFault_Handler	4	static
../Core/Src/stm32f4xx_it.c:137:6:UsageFault_Handler	4	static
../Core/Src/stm32f4xx_it.c:152:6:DebugMon_Handler	4	static
../Core/Src/stm32f4xx_it.c:172:6:EXTI0_IRQHandler	16	static
../Core/Src/stm32f4xx_it.c:203:6:TIM1_UP_TIM10_IRQHandler	8	static
../Core/Src/stm32f4xx_it.c:217:6:USART2_IRQHandler	8	static
../Core/Src/stm32f4xx_it.c:231:6:UART4_IRQHandler	8	static
../Core/Src/stm32f4xx_it.c:245:6:OTG_FS_IRQHandler	8	static
