../Core/MyApp/App/admin.c:117:6:DisplayVersion	120	static
../Core/MyApp/App/admin.c:153:6:DisplayMenu	16	static
../Core/MyApp/App/admin.c:194:6:error_HaltOS	16	static
../Core/MyApp/App/admin.c:212:6:CreateHandles	24	static
../Core/MyApp/App/admin.c:244:6:Timer1_Handler	8	static
../Core/MyApp/App/admin.c:270:6:CreateTasks	16	static
../Core/MyApp/App/admin.c:296:14:GetTaskhandle	24	static
../Core/MyApp/App/admin.c:317:6:SetTaskPriority	24	static
../Core/MyApp/App/admin.c:345:6:StartStopTask	64	static
../Core/MyApp/App/admin.c:379:6:CheckTaskData	88	static
